mode: count
_/Users/samchen/Documents/GoLearn/GoProgramming/test/gotest.go:6.46,7.13 1 1
_/Users/samchen/Documents/GoLearn/GoProgramming/test/gotest.go:10.5,10.20 1 1
_/Users/samchen/Documents/GoLearn/GoProgramming/test/gotest.go:7.13,9.6 1 0
